<?xml version="1.0"?>
<link_info>
   <banner>TMS320C2000 Linker PC v16.9.1.LTS</banner>
   <copyright>Copyright (c) 1996-2015 Texas Instruments Incorporated</copyright>
   <link_time>0x5eccbe6a</link_time>
   <link_errors>0x0</link_errors>
   <output_file>PLL-TEST1.out</output_file>
   <entry_point>
      <name>_c_int00</name>
      <address>0x83116</address>
   </entry_point>
   <input_file_list>
      <input_file id="fl-2">
         <path>.\</path>
         <kind>object</kind>
         <file>main.obj</file>
         <name>main.obj</name>
      </input_file>
      <input_file id="fl-3">
         <path>.\Driver\Source\</path>
         <kind>object</kind>
         <file>F2837xD_Adc.obj</file>
         <name>F2837xD_Adc.obj</name>
      </input_file>
      <input_file id="fl-4">
         <path>.\Driver\Source\</path>
         <kind>object</kind>
         <file>F2837xD_CodeStartBranch.obj</file>
         <name>F2837xD_CodeStartBranch.obj</name>
      </input_file>
      <input_file id="fl-5">
         <path>.\Driver\Source\</path>
         <kind>object</kind>
         <file>F2837xD_CpuTimers.obj</file>
         <name>F2837xD_CpuTimers.obj</name>
      </input_file>
      <input_file id="fl-6">
         <path>.\Driver\Source\</path>
         <kind>object</kind>
         <file>F2837xD_DefaultISR.obj</file>
         <name>F2837xD_DefaultISR.obj</name>
      </input_file>
      <input_file id="fl-7">
         <path>.\Driver\Source\</path>
         <kind>object</kind>
         <file>F2837xD_EPwm.obj</file>
         <name>F2837xD_EPwm.obj</name>
      </input_file>
      <input_file id="fl-8">
         <path>.\Driver\Source\</path>
         <kind>object</kind>
         <file>F2837xD_GlobalVariableDefs.obj</file>
         <name>F2837xD_GlobalVariableDefs.obj</name>
      </input_file>
      <input_file id="fl-9">
         <path>.\Driver\Source\</path>
         <kind>object</kind>
         <file>F2837xD_Gpio.obj</file>
         <name>F2837xD_Gpio.obj</name>
      </input_file>
      <input_file id="fl-a">
         <path>.\Driver\Source\</path>
         <kind>object</kind>
         <file>F2837xD_Ipc.obj</file>
         <name>F2837xD_Ipc.obj</name>
      </input_file>
      <input_file id="fl-b">
         <path>.\Driver\Source\</path>
         <kind>object</kind>
         <file>F2837xD_PieCtrl.obj</file>
         <name>F2837xD_PieCtrl.obj</name>
      </input_file>
      <input_file id="fl-c">
         <path>.\Driver\Source\</path>
         <kind>object</kind>
         <file>F2837xD_PieVect.obj</file>
         <name>F2837xD_PieVect.obj</name>
      </input_file>
      <input_file id="fl-d">
         <path>.\Driver\Source\</path>
         <kind>object</kind>
         <file>F2837xD_SysCtrl.obj</file>
         <name>F2837xD_SysCtrl.obj</name>
      </input_file>
      <input_file id="fl-e">
         <path>.\Driver\Source\</path>
         <kind>object</kind>
         <file>F2837xD_usDelay.obj</file>
         <name>F2837xD_usDelay.obj</name>
      </input_file>
      <input_file id="fl-f">
         <path>.\Driver\Source\</path>
         <kind>object</kind>
         <file>SPLL_1ph_SOGI_F.obj</file>
         <name>SPLL_1ph_SOGI_F.obj</name>
      </input_file>
      <input_file id="fl-10">
         <path>.\Driver\Source\</path>
         <kind>object</kind>
         <file>sin_tab.obj</file>
         <name>sin_tab.obj</name>
      </input_file>
      <input_file id="fl-23">
         <path>C:\ti\ccsv7\tools\compiler\ti-cgt-c2000_16.9.1.LTS\lib\</path>
         <kind>archive</kind>
         <file>rts2800_fpu32.lib</file>
         <name>boot28.obj</name>
      </input_file>
      <input_file id="fl-24">
         <path>C:\ti\ccsv7\tools\compiler\ti-cgt-c2000_16.9.1.LTS\lib\</path>
         <kind>archive</kind>
         <file>rts2800_fpu32.lib</file>
         <name>cpy_tbl.obj</name>
      </input_file>
      <input_file id="fl-25">
         <path>C:\ti\ccsv7\tools\compiler\ti-cgt-c2000_16.9.1.LTS\lib\</path>
         <kind>archive</kind>
         <file>rts2800_fpu32.lib</file>
         <name>exit.obj</name>
      </input_file>
      <input_file id="fl-26">
         <path>C:\ti\ccsv7\tools\compiler\ti-cgt-c2000_16.9.1.LTS\lib\</path>
         <kind>archive</kind>
         <file>rts2800_fpu32.lib</file>
         <name>fs_div28.obj</name>
      </input_file>
      <input_file id="fl-27">
         <path>C:\ti\ccsv7\tools\compiler\ti-cgt-c2000_16.9.1.LTS\lib\</path>
         <kind>archive</kind>
         <file>rts2800_fpu32.lib</file>
         <name>ll_aox28.obj</name>
      </input_file>
      <input_file id="fl-28">
         <path>C:\ti\ccsv7\tools\compiler\ti-cgt-c2000_16.9.1.LTS\lib\</path>
         <kind>archive</kind>
         <file>rts2800_fpu32.lib</file>
         <name>memcpy.obj</name>
      </input_file>
      <input_file id="fl-29">
         <path>C:\ti\ccsv7\tools\compiler\ti-cgt-c2000_16.9.1.LTS\lib\</path>
         <kind>archive</kind>
         <file>rts2800_fpu32.lib</file>
         <name>memset.obj</name>
      </input_file>
      <input_file id="fl-2a">
         <path>C:\ti\ccsv7\tools\compiler\ti-cgt-c2000_16.9.1.LTS\lib\</path>
         <kind>archive</kind>
         <file>rts2800_fpu32.lib</file>
         <name>pre_init.obj</name>
      </input_file>
      <input_file id="fl-2b">
         <path>C:\ti\ccsv7\tools\compiler\ti-cgt-c2000_16.9.1.LTS\lib\</path>
         <kind>archive</kind>
         <file>rts2800_fpu32.lib</file>
         <name>s_cosf.obj</name>
      </input_file>
      <input_file id="fl-2c">
         <path>C:\ti\ccsv7\tools\compiler\ti-cgt-c2000_16.9.1.LTS\lib\</path>
         <kind>archive</kind>
         <file>rts2800_fpu32.lib</file>
         <name>s_sinf.obj</name>
      </input_file>
      <input_file id="fl-2d">
         <path>C:\ti\ccsv7\tools\compiler\ti-cgt-c2000_16.9.1.LTS\lib\</path>
         <kind>archive</kind>
         <file>rts2800_fpu32.lib</file>
         <name>startup.obj</name>
      </input_file>
      <input_file id="fl-2e">
         <path>C:\ti\ccsv7\tools\compiler\ti-cgt-c2000_16.9.1.LTS\lib\</path>
         <kind>archive</kind>
         <file>rts2800_fpu32.lib</file>
         <name>_lock.obj</name>
      </input_file>
      <input_file id="fl-2f">
         <path>C:\ti\ccsv7\tools\compiler\ti-cgt-c2000_16.9.1.LTS\lib\</path>
         <kind>archive</kind>
         <file>rts2800_fpu32.lib</file>
         <name>args_main.obj</name>
      </input_file>
   </input_file_list>
   <object_component_list>
      <object_component id="oc-13d">
         <name>.cinit</name>
         <load_address>0x82000</load_address>
         <run_address>0x82000</run_address>
         <size>0xe</size>
         <input_file_ref idref="fl-25"/>
      </object_component>
      <object_component id="oc-85">
         <name>.cinit</name>
         <load_address>0x8200e</load_address>
         <run_address>0x8200e</run_address>
         <size>0x8</size>
         <input_file_ref idref="fl-2"/>
      </object_component>
      <object_component id="oc-17f">
         <name>.cinit:__lock</name>
         <load_address>0x82016</load_address>
         <run_address>0x82016</run_address>
         <size>0x5</size>
         <input_file_ref idref="fl-2e"/>
      </object_component>
      <object_component id="oc-187">
         <name>.cinit:__unlock</name>
         <load_address>0x8201b</load_address>
         <run_address>0x8201b</run_address>
         <size>0x5</size>
         <input_file_ref idref="fl-2e"/>
      </object_component>
      <object_component id="oc-9d">
         <name>.text:retain</name>
         <load_address>0x82024</load_address>
         <run_address>0x82024</run_address>
         <size>0x585</size>
         <input_file_ref idref="fl-6"/>
      </object_component>
      <object_component id="oc-182">
         <name>.text</name>
         <load_address>0x825a9</load_address>
         <run_address>0x825a9</run_address>
         <size>0x33b</size>
         <input_file_ref idref="fl-d"/>
      </object_component>
      <object_component id="oc-17b">
         <name>.text</name>
         <load_address>0x828e4</load_address>
         <run_address>0x828e4</run_address>
         <size>0x287</size>
         <input_file_ref idref="fl-f"/>
      </object_component>
      <object_component id="oc-188">
         <name>.text</name>
         <load_address>0x82b6b</load_address>
         <run_address>0x82b6b</run_address>
         <size>0x244</size>
         <input_file_ref idref="fl-9"/>
      </object_component>
      <object_component id="oc-17d">
         <name>.text</name>
         <load_address>0x82daf</load_address>
         <run_address>0x82daf</run_address>
         <size>0xe4</size>
         <input_file_ref idref="fl-2"/>
      </object_component>
      <object_component id="oc-87">
         <name>.text:retain</name>
         <load_address>0x82e93</load_address>
         <run_address>0x82e93</run_address>
         <size>0xc6</size>
         <input_file_ref idref="fl-2"/>
      </object_component>
      <object_component id="oc-143">
         <name>.text</name>
         <load_address>0x82f59</load_address>
         <run_address>0x82f59</run_address>
         <size>0x88</size>
         <input_file_ref idref="fl-26"/>
      </object_component>
      <object_component id="oc-185">
         <name>.text</name>
         <load_address>0x82fe1</load_address>
         <run_address>0x82fe1</run_address>
         <size>0x7c</size>
         <input_file_ref idref="fl-5"/>
      </object_component>
      <object_component id="oc-181">
         <name>.text</name>
         <load_address>0x8305d</load_address>
         <run_address>0x8305d</run_address>
         <size>0x61</size>
         <input_file_ref idref="fl-2b"/>
      </object_component>
      <object_component id="oc-180">
         <name>.text</name>
         <load_address>0x830be</load_address>
         <run_address>0x830be</run_address>
         <size>0x58</size>
         <input_file_ref idref="fl-2c"/>
      </object_component>
      <object_component id="oc-83">
         <name>.text</name>
         <load_address>0x83116</load_address>
         <run_address>0x83116</run_address>
         <size>0x56</size>
         <input_file_ref idref="fl-23"/>
      </object_component>
      <object_component id="oc-179">
         <name>.text</name>
         <load_address>0x8316c</load_address>
         <run_address>0x8316c</run_address>
         <size>0x29</size>
         <input_file_ref idref="fl-25"/>
      </object_component>
      <object_component id="oc-183">
         <name>.text</name>
         <load_address>0x83195</load_address>
         <run_address>0x83195</run_address>
         <size>0x28</size>
         <input_file_ref idref="fl-b"/>
      </object_component>
      <object_component id="oc-184">
         <name>.text</name>
         <load_address>0x831bd</load_address>
         <run_address>0x831bd</run_address>
         <size>0x26</size>
         <input_file_ref idref="fl-c"/>
      </object_component>
      <object_component id="oc-176">
         <name>.text</name>
         <load_address>0x831e3</load_address>
         <run_address>0x831e3</run_address>
         <size>0x24</size>
         <input_file_ref idref="fl-24"/>
      </object_component>
      <object_component id="oc-17c">
         <name>.text</name>
         <load_address>0x83207</load_address>
         <run_address>0x83207</run_address>
         <size>0x1e</size>
         <input_file_ref idref="fl-28"/>
      </object_component>
      <object_component id="oc-178">
         <name>.text</name>
         <load_address>0x83225</load_address>
         <run_address>0x83225</run_address>
         <size>0x19</size>
         <input_file_ref idref="fl-2f"/>
      </object_component>
      <object_component id="oc-148">
         <name>.text</name>
         <load_address>0x8323e</load_address>
         <run_address>0x8323e</run_address>
         <size>0x18</size>
         <input_file_ref idref="fl-27"/>
      </object_component>
      <object_component id="oc-186">
         <name>.text</name>
         <load_address>0x83256</load_address>
         <run_address>0x83256</run_address>
         <size>0x9</size>
         <input_file_ref idref="fl-2e"/>
      </object_component>
      <object_component id="oc-175">
         <name>.text</name>
         <load_address>0x8325f</load_address>
         <run_address>0x8325f</run_address>
         <size>0x2</size>
         <input_file_ref idref="fl-2a"/>
      </object_component>
      <object_component id="oc-177">
         <name>.text</name>
         <load_address>0x83261</load_address>
         <run_address>0x83261</run_address>
         <size>0x1</size>
         <input_file_ref idref="fl-2d"/>
      </object_component>
      <object_component id="oc-91">
         <name>codestart</name>
         <load_address>0x80000</load_address>
         <run_address>0x80000</run_address>
         <size>0x2</size>
         <input_file_ref idref="fl-4"/>
      </object_component>
      <object_component id="oc-125">
         <name>.TI.ramfunc</name>
         <load_address>0x86000</load_address>
         <run_address>0x8000</run_address>
         <size>0x4</size>
         <input_file_ref idref="fl-e"/>
      </object_component>
      <object_component id="oc-131">
         <name>.stack</name>
         <uninitialized>true</uninitialized>
         <run_address>0x400</run_address>
         <size>0x0</size>
         <input_file_ref idref="fl-23"/>
      </object_component>
      <object_component id="oc-213">
         <name>.stack</name>
         <uninitialized>true</uninitialized>
         <run_address>0x400</run_address>
         <size>0x0</size>
      </object_component>
      <object_component id="oc-86">
         <name>.ebss</name>
         <uninitialized>true</uninitialized>
         <run_address>0xa800</run_address>
         <size>0x86</size>
         <input_file_ref idref="fl-2"/>
      </object_component>
      <object_component id="oc-97">
         <name>.ebss</name>
         <uninitialized>true</uninitialized>
         <run_address>0xa886</run_address>
         <size>0x18</size>
         <input_file_ref idref="fl-5"/>
      </object_component>
      <object_component id="oc-13e">
         <name>.ebss</name>
         <uninitialized>true</uninitialized>
         <run_address>0xa89e</run_address>
         <size>0x6</size>
         <input_file_ref idref="fl-25"/>
      </object_component>
      <object_component id="oc-17e">
         <name>.ebss:__lock</name>
         <uninitialized>true</uninitialized>
         <run_address>0xa8a4</run_address>
         <size>0x2</size>
         <input_file_ref idref="fl-2e"/>
      </object_component>
      <object_component id="oc-18a">
         <name>.ebss:__unlock</name>
         <uninitialized>true</uninitialized>
         <run_address>0xa8a6</run_address>
         <size>0x2</size>
         <input_file_ref idref="fl-2e"/>
      </object_component>
      <object_component id="oc-17a">
         <name>.econst:_sin_tab</name>
         <load_address>0x90000</load_address>
         <run_address>0x90000</run_address>
         <size>0x1000</size>
         <input_file_ref idref="fl-10"/>
      </object_component>
      <object_component id="oc-189">
         <name>.econst:_PieVectTableInit</name>
         <load_address>0x91000</load_address>
         <run_address>0x91000</run_address>
         <size>0x1c0</size>
         <input_file_ref idref="fl-c"/>
      </object_component>
      <object_component id="oc-132">
         <name>.reset</name>
         <load_address>0x3fffc0</load_address>
         <run_address>0x3fffc0</run_address>
         <size>0x2</size>
         <input_file_ref idref="fl-23"/>
      </object_component>
      <object_component id="oc-10a">
         <name>PieVectTableFile</name>
         <uninitialized>true</uninitialized>
         <run_address>0xd00</run_address>
         <size>0x1c0</size>
         <input_file_ref idref="fl-8"/>
      </object_component>
      <object_component id="oc-a9">
         <name>EmuKeyVar</name>
         <uninitialized>true</uninitialized>
         <run_address>0xd00</run_address>
         <size>0x1</size>
         <input_file_ref idref="fl-8"/>
      </object_component>
      <object_component id="oc-a8">
         <name>EmuBModeVar</name>
         <uninitialized>true</uninitialized>
         <run_address>0xd01</run_address>
         <size>0x1</size>
         <input_file_ref idref="fl-8"/>
      </object_component>
      <object_component id="oc-c0">
         <name>AdcaResultFile</name>
         <uninitialized>true</uninitialized>
         <run_address>0xb00</run_address>
         <size>0x18</size>
         <input_file_ref idref="fl-8"/>
      </object_component>
      <object_component id="oc-c1">
         <name>AdcbResultFile</name>
         <uninitialized>true</uninitialized>
         <run_address>0xb20</run_address>
         <size>0x18</size>
         <input_file_ref idref="fl-8"/>
      </object_component>
      <object_component id="oc-bf">
         <name>AdccResultFile</name>
         <uninitialized>true</uninitialized>
         <run_address>0xb40</run_address>
         <size>0x18</size>
         <input_file_ref idref="fl-8"/>
      </object_component>
      <object_component id="oc-c2">
         <name>AdcdResultFile</name>
         <uninitialized>true</uninitialized>
         <run_address>0xb60</run_address>
         <size>0x18</size>
         <input_file_ref idref="fl-8"/>
      </object_component>
      <object_component id="oc-f5">
         <name>AdcaRegsFile</name>
         <uninitialized>true</uninitialized>
         <run_address>0x7400</run_address>
         <size>0x80</size>
         <input_file_ref idref="fl-8"/>
      </object_component>
      <object_component id="oc-f2">
         <name>AdcbRegsFile</name>
         <uninitialized>true</uninitialized>
         <run_address>0x7480</run_address>
         <size>0x80</size>
         <input_file_ref idref="fl-8"/>
      </object_component>
      <object_component id="oc-f1">
         <name>AdccRegsFile</name>
         <uninitialized>true</uninitialized>
         <run_address>0x7500</run_address>
         <size>0x80</size>
         <input_file_ref idref="fl-8"/>
      </object_component>
      <object_component id="oc-f6">
         <name>AdcdRegsFile</name>
         <uninitialized>true</uninitialized>
         <run_address>0x7580</run_address>
         <size>0x80</size>
         <input_file_ref idref="fl-8"/>
      </object_component>
      <object_component id="oc-ec">
         <name>AnalogSubsysRegsFile</name>
         <uninitialized>true</uninitialized>
         <run_address>0x5d180</run_address>
         <size>0x48</size>
         <input_file_ref idref="fl-8"/>
      </object_component>
      <object_component id="oc-106">
         <name>CanaRegsFile</name>
         <uninitialized>true</uninitialized>
         <run_address>0x48000</run_address>
         <size>0x164</size>
         <input_file_ref idref="fl-8"/>
      </object_component>
      <object_component id="oc-107">
         <name>CanbRegsFile</name>
         <uninitialized>true</uninitialized>
         <run_address>0x4a000</run_address>
         <size>0x164</size>
         <input_file_ref idref="fl-8"/>
      </object_component>
      <object_component id="oc-e7">
         <name>Cla1RegsFile</name>
         <uninitialized>true</uninitialized>
         <run_address>0x1400</run_address>
         <size>0x3e</size>
         <input_file_ref idref="fl-8"/>
      </object_component>
      <object_component id="oc-ad">
         <name>Cla1SoftIntRegsFile</name>
         <uninitialized>true</uninitialized>
         <run_address>0xce0</run_address>
         <size>0x4</size>
         <input_file_ref idref="fl-8"/>
      </object_component>
      <object_component id="oc-d3">
         <name>Cmpss1RegsFile</name>
         <uninitialized>true</uninitialized>
         <run_address>0x5c80</run_address>
         <size>0x20</size>
         <input_file_ref idref="fl-8"/>
      </object_component>
      <object_component id="oc-d2">
         <name>Cmpss2RegsFile</name>
         <uninitialized>true</uninitialized>
         <run_address>0x5ca0</run_address>
         <size>0x20</size>
         <input_file_ref idref="fl-8"/>
      </object_component>
      <object_component id="oc-d5">
         <name>Cmpss3RegsFile</name>
         <uninitialized>true</uninitialized>
         <run_address>0x5cc0</run_address>
         <size>0x20</size>
         <input_file_ref idref="fl-8"/>
      </object_component>
      <object_component id="oc-d4">
         <name>Cmpss4RegsFile</name>
         <uninitialized>true</uninitialized>
         <run_address>0x5ce0</run_address>
         <size>0x20</size>
         <input_file_ref idref="fl-8"/>
      </object_component>
      <object_component id="oc-cf">
         <name>Cmpss5RegsFile</name>
         <uninitialized>true</uninitialized>
         <run_address>0x5d00</run_address>
         <size>0x20</size>
         <input_file_ref idref="fl-8"/>
      </object_component>
      <object_component id="oc-ce">
         <name>Cmpss6RegsFile</name>
         <uninitialized>true</uninitialized>
         <run_address>0x5d20</run_address>
         <size>0x20</size>
         <input_file_ref idref="fl-8"/>
      </object_component>
      <object_component id="oc-d1">
         <name>Cmpss7RegsFile</name>
         <uninitialized>true</uninitialized>
         <run_address>0x5d40</run_address>
         <size>0x20</size>
         <input_file_ref idref="fl-8"/>
      </object_component>
      <object_component id="oc-d0">
         <name>Cmpss8RegsFile</name>
         <uninitialized>true</uninitialized>
         <run_address>0x5d60</run_address>
         <size>0x20</size>
         <input_file_ref idref="fl-8"/>
      </object_component>
      <object_component id="oc-b1">
         <name>CpuTimer0RegsFile</name>
         <uninitialized>true</uninitialized>
         <run_address>0xc00</run_address>
         <size>0x8</size>
         <input_file_ref idref="fl-8"/>
      </object_component>
      <object_component id="oc-b4">
         <name>CpuTimer1RegsFile</name>
         <uninitialized>true</uninitialized>
         <run_address>0xc08</run_address>
         <size>0x8</size>
         <input_file_ref idref="fl-8"/>
      </object_component>
      <object_component id="oc-b3">
         <name>CpuTimer2RegsFile</name>
         <uninitialized>true</uninitialized>
         <run_address>0xc10</run_address>
         <size>0x8</size>
         <input_file_ref idref="fl-8"/>
      </object_component>
      <object_component id="oc-b2">
         <name>DacaRegsFile</name>
         <uninitialized>true</uninitialized>
         <run_address>0x5c00</run_address>
         <size>0x8</size>
         <input_file_ref idref="fl-8"/>
      </object_component>
      <object_component id="oc-b5">
         <name>DacbRegsFile</name>
         <uninitialized>true</uninitialized>
         <run_address>0x5c10</run_address>
         <size>0x8</size>
         <input_file_ref idref="fl-8"/>
      </object_component>
      <object_component id="oc-b0">
         <name>DaccRegsFile</name>
         <uninitialized>true</uninitialized>
         <run_address>0x5c20</run_address>
         <size>0x8</size>
         <input_file_ref idref="fl-8"/>
      </object_component>
      <object_component id="oc-e0">
         <name>DcsmZ1RegsFile</name>
         <uninitialized>true</uninitialized>
         <run_address>0x5f000</run_address>
         <size>0x24</size>
         <input_file_ref idref="fl-8"/>
      </object_component>
      <object_component id="oc-df">
         <name>DcsmZ2RegsFile</name>
         <uninitialized>true</uninitialized>
         <run_address>0x5f040</run_address>
         <size>0x24</size>
         <input_file_ref idref="fl-8"/>
      </object_component>
      <object_component id="oc-b6">
         <name>DcsmCommonRegsFile</name>
         <uninitialized>true</uninitialized>
         <run_address>0x5f070</run_address>
         <size>0x8</size>
         <input_file_ref idref="fl-8"/>
      </object_component>
      <object_component id="oc-d8">
         <name>DcsmZ1OtpFile</name>
         <uninitialized>true</uninitialized>
         <run_address>0x78000</run_address>
         <size>0x20</size>
         <input_file_ref idref="fl-8"/>
      </object_component>
      <object_component id="oc-d6">
         <name>DcsmZ2OtpFile</name>
         <uninitialized>true</uninitialized>
         <run_address>0x78200</run_address>
         <size>0x20</size>
         <input_file_ref idref="fl-8"/>
      </object_component>
      <object_component id="oc-f8">
         <name>DmaRegsFile</name>
         <uninitialized>true</uninitialized>
         <run_address>0x1000</run_address>
         <size>0xe0</size>
         <input_file_ref idref="fl-8"/>
      </object_component>
      <object_component id="oc-c4">
         <name>DmaClaSrcSelRegsFile</name>
         <uninitialized>true</uninitialized>
         <run_address>0x7980</run_address>
         <size>0x1a</size>
         <input_file_ref idref="fl-8"/>
      </object_component>
      <object_component id="oc-d7">
         <name>ECap1RegsFile</name>
         <uninitialized>true</uninitialized>
         <run_address>0x5000</run_address>
         <size>0x20</size>
         <input_file_ref idref="fl-8"/>
      </object_component>
      <object_component id="oc-c7">
         <name>ECap2RegsFile</name>
         <uninitialized>true</uninitialized>
         <run_address>0x5020</run_address>
         <size>0x20</size>
         <input_file_ref idref="fl-8"/>
      </object_component>
      <object_component id="oc-cd">
         <name>ECap3RegsFile</name>
         <uninitialized>true</uninitialized>
         <run_address>0x5040</run_address>
         <size>0x20</size>
         <input_file_ref idref="fl-8"/>
      </object_component>
      <object_component id="oc-c5">
         <name>ECap4RegsFile</name>
         <uninitialized>true</uninitialized>
         <run_address>0x5060</run_address>
         <size>0x20</size>
         <input_file_ref idref="fl-8"/>
      </object_component>
      <object_component id="oc-c6">
         <name>ECap5RegsFile</name>
         <uninitialized>true</uninitialized>
         <run_address>0x5080</run_address>
         <size>0x20</size>
         <input_file_ref idref="fl-8"/>
      </object_component>
      <object_component id="oc-cc">
         <name>ECap6RegsFile</name>
         <uninitialized>true</uninitialized>
         <run_address>0x50a0</run_address>
         <size>0x20</size>
         <input_file_ref idref="fl-8"/>
      </object_component>
      <object_component id="oc-ee">
         <name>Emif1RegsFile</name>
         <uninitialized>true</uninitialized>
         <run_address>0x47000</run_address>
         <size>0x70</size>
         <input_file_ref idref="fl-8"/>
      </object_component>
      <object_component id="oc-ef">
         <name>Emif2RegsFile</name>
         <uninitialized>true</uninitialized>
         <run_address>0x47800</run_address>
         <size>0x70</size>
         <input_file_ref idref="fl-8"/>
      </object_component>
      <object_component id="oc-fd">
         <name>EPwm1RegsFile</name>
         <uninitialized>true</uninitialized>
         <run_address>0x4000</run_address>
         <size>0x100</size>
         <input_file_ref idref="fl-8"/>
      </object_component>
      <object_component id="oc-fc">
         <name>EPwm2RegsFile</name>
         <uninitialized>true</uninitialized>
         <run_address>0x4100</run_address>
         <size>0x100</size>
         <input_file_ref idref="fl-8"/>
      </object_component>
      <object_component id="oc-ff">
         <name>EPwm3RegsFile</name>
         <uninitialized>true</uninitialized>
         <run_address>0x4200</run_address>
         <size>0x100</size>
         <input_file_ref idref="fl-8"/>
      </object_component>
      <object_component id="oc-fa">
         <name>EPwm4RegsFile</name>
         <uninitialized>true</uninitialized>
         <run_address>0x4300</run_address>
         <size>0x100</size>
         <input_file_ref idref="fl-8"/>
      </object_component>
      <object_component id="oc-f9">
         <name>EPwm5RegsFile</name>
         <uninitialized>true</uninitialized>
         <run_address>0x4400</run_address>
         <size>0x100</size>
         <input_file_ref idref="fl-8"/>
      </object_component>
      <object_component id="oc-fe">
         <name>EPwm6RegsFile</name>
         <uninitialized>true</uninitialized>
         <run_address>0x4500</run_address>
         <size>0x100</size>
         <input_file_ref idref="fl-8"/>
      </object_component>
      <object_component id="oc-fb">
         <name>EPwm7RegsFile</name>
         <uninitialized>true</uninitialized>
         <run_address>0x4600</run_address>
         <size>0x100</size>
         <input_file_ref idref="fl-8"/>
      </object_component>
      <object_component id="oc-104">
         <name>EPwm8RegsFile</name>
         <uninitialized>true</uninitialized>
         <run_address>0x4700</run_address>
         <size>0x100</size>
         <input_file_ref idref="fl-8"/>
      </object_component>
      <object_component id="oc-102">
         <name>EPwm9RegsFile</name>
         <uninitialized>true</uninitialized>
         <run_address>0x4800</run_address>
         <size>0x100</size>
         <input_file_ref idref="fl-8"/>
      </object_component>
      <object_component id="oc-103">
         <name>EPwm10RegsFile</name>
         <uninitialized>true</uninitialized>
         <run_address>0x4900</run_address>
         <size>0x100</size>
         <input_file_ref idref="fl-8"/>
      </object_component>
      <object_component id="oc-100">
         <name>EPwm11RegsFile</name>
         <uninitialized>true</uninitialized>
         <run_address>0x4a00</run_address>
         <size>0x100</size>
         <input_file_ref idref="fl-8"/>
      </object_component>
      <object_component id="oc-101">
         <name>EPwm12RegsFile</name>
         <uninitialized>true</uninitialized>
         <run_address>0x4b00</run_address>
         <size>0x100</size>
         <input_file_ref idref="fl-8"/>
      </object_component>
      <object_component id="oc-ea">
         <name>EPwmXbarRegsFile</name>
         <uninitialized>true</uninitialized>
         <run_address>0x7a00</run_address>
         <size>0x40</size>
         <input_file_ref idref="fl-8"/>
      </object_component>
      <object_component id="oc-d9">
         <name>EQep1RegsFile</name>
         <uninitialized>true</uninitialized>
         <run_address>0x5100</run_address>
         <size>0x22</size>
         <input_file_ref idref="fl-8"/>
      </object_component>
      <object_component id="oc-da">
         <name>EQep2RegsFile</name>
         <uninitialized>true</uninitialized>
         <run_address>0x5140</run_address>
         <size>0x22</size>
         <input_file_ref idref="fl-8"/>
      </object_component>
      <object_component id="oc-dc">
         <name>EQep3RegsFile</name>
         <uninitialized>true</uninitialized>
         <run_address>0x5180</run_address>
         <size>0x22</size>
         <input_file_ref idref="fl-8"/>
      </object_component>
      <object_component id="oc-109">
         <name>Flash0CtrlRegsFile</name>
         <uninitialized>true</uninitialized>
         <run_address>0x5f800</run_address>
         <size>0x182</size>
         <input_file_ref idref="fl-8"/>
      </object_component>
      <object_component id="oc-e3">
         <name>Flash0EccRegsFile</name>
         <uninitialized>true</uninitialized>
         <run_address>0x5fb00</run_address>
         <size>0x28</size>
         <input_file_ref idref="fl-8"/>
      </object_component>
      <object_component id="oc-108">
         <name>GpioCtrlRegsFile</name>
         <uninitialized>true</uninitialized>
         <run_address>0x7c00</run_address>
         <size>0x180</size>
         <input_file_ref idref="fl-8"/>
      </object_component>
      <object_component id="oc-e5">
         <name>GpioDataRegsFile</name>
         <uninitialized>true</uninitialized>
         <run_address>0x7f00</run_address>
         <size>0x30</size>
         <input_file_ref idref="fl-8"/>
      </object_component>
      <object_component id="oc-eb">
         <name>OutputXbarRegsFile</name>
         <uninitialized>true</uninitialized>
         <run_address>0x7a80</run_address>
         <size>0x40</size>
         <input_file_ref idref="fl-8"/>
      </object_component>
      <object_component id="oc-dd">
         <name>I2caRegsFile</name>
         <uninitialized>true</uninitialized>
         <run_address>0x7300</run_address>
         <size>0x22</size>
         <input_file_ref idref="fl-8"/>
      </object_component>
      <object_component id="oc-db">
         <name>I2cbRegsFile</name>
         <uninitialized>true</uninitialized>
         <run_address>0x7340</run_address>
         <size>0x22</size>
         <input_file_ref idref="fl-8"/>
      </object_component>
      <object_component id="oc-ca">
         <name>InputXbarRegsFile</name>
         <uninitialized>true</uninitialized>
         <run_address>0x7900</run_address>
         <size>0x20</size>
         <input_file_ref idref="fl-8"/>
      </object_component>
      <object_component id="oc-c8">
         <name>XbarRegsFile</name>
         <uninitialized>true</uninitialized>
         <run_address>0x7920</run_address>
         <size>0x20</size>
         <input_file_ref idref="fl-8"/>
      </object_component>
      <object_component id="oc-de">
         <name>IpcRegsFile</name>
         <uninitialized>true</uninitialized>
         <run_address>0x50000</run_address>
         <size>0x24</size>
         <input_file_ref idref="fl-8"/>
      </object_component>
      <object_component id="oc-ab">
         <name>FlashPumpSemaphoreRegsFile</name>
         <uninitialized>true</uninitialized>
         <run_address>0x50024</run_address>
         <size>0x2</size>
         <input_file_ref idref="fl-8"/>
      </object_component>
      <object_component id="oc-aa">
         <name>RomPrefetchRegsFile</name>
         <uninitialized>true</uninitialized>
         <run_address>0x5e608</run_address>
         <size>0x2</size>
         <input_file_ref idref="fl-8"/>
      </object_component>
      <object_component id="oc-f3">
         <name>MemCfgRegsFile</name>
         <uninitialized>true</uninitialized>
         <run_address>0x5f400</run_address>
         <size>0x80</size>
         <input_file_ref idref="fl-8"/>
      </object_component>
      <object_component id="oc-c9">
         <name>Emif1ConfigRegsFile</name>
         <uninitialized>true</uninitialized>
         <run_address>0x5f480</run_address>
         <size>0x20</size>
         <input_file_ref idref="fl-8"/>
      </object_component>
      <object_component id="oc-cb">
         <name>Emif2ConfigRegsFile</name>
         <uninitialized>true</uninitialized>
         <run_address>0x5f4a0</run_address>
         <size>0x20</size>
         <input_file_ref idref="fl-8"/>
      </object_component>
      <object_component id="oc-e9">
         <name>AccessProtectionRegsFile</name>
         <uninitialized>true</uninitialized>
         <run_address>0x5f4c0</run_address>
         <size>0x40</size>
         <input_file_ref idref="fl-8"/>
      </object_component>
      <object_component id="oc-e8">
         <name>MemoryErrorRegsFile</name>
         <uninitialized>true</uninitialized>
         <run_address>0x5f500</run_address>
         <size>0x40</size>
         <input_file_ref idref="fl-8"/>
      </object_component>
      <object_component id="oc-ac">
         <name>RomWaitStateRegsFile</name>
         <uninitialized>true</uninitialized>
         <run_address>0x5f540</run_address>
         <size>0x2</size>
         <input_file_ref idref="fl-8"/>
      </object_component>
      <object_component id="oc-e1">
         <name>McbspaRegsFile</name>
         <uninitialized>true</uninitialized>
         <run_address>0x6000</run_address>
         <size>0x24</size>
         <input_file_ref idref="fl-8"/>
      </object_component>
      <object_component id="oc-e2">
         <name>McbspbRegsFile</name>
         <uninitialized>true</uninitialized>
         <run_address>0x6040</run_address>
         <size>0x24</size>
         <input_file_ref idref="fl-8"/>
      </object_component>
      <object_component id="oc-ed">
         <name>UppRegsFile</name>
         <uninitialized>true</uninitialized>
         <run_address>0x6200</run_address>
         <size>0x48</size>
         <input_file_ref idref="fl-8"/>
      </object_component>
      <object_component id="oc-af">
         <name>NmiIntruptRegsFile</name>
         <uninitialized>true</uninitialized>
         <run_address>0x7060</run_address>
         <size>0x7</size>
         <input_file_ref idref="fl-8"/>
      </object_component>
      <object_component id="oc-c3">
         <name>PieCtrlRegsFile</name>
         <uninitialized>true</uninitialized>
         <run_address>0xce0</run_address>
         <size>0x1a</size>
         <input_file_ref idref="fl-8"/>
      </object_component>
      <object_component id="oc-b9">
         <name>SciaRegsFile</name>
         <uninitialized>true</uninitialized>
         <run_address>0x7200</run_address>
         <size>0x10</size>
         <input_file_ref idref="fl-8"/>
      </object_component>
      <object_component id="oc-b8">
         <name>ScibRegsFile</name>
         <uninitialized>true</uninitialized>
         <run_address>0x7210</run_address>
         <size>0x10</size>
         <input_file_ref idref="fl-8"/>
      </object_component>
      <object_component id="oc-bb">
         <name>ScicRegsFile</name>
         <uninitialized>true</uninitialized>
         <run_address>0x7220</run_address>
         <size>0x10</size>
         <input_file_ref idref="fl-8"/>
      </object_component>
      <object_component id="oc-bc">
         <name>ScidRegsFile</name>
         <uninitialized>true</uninitialized>
         <run_address>0x7230</run_address>
         <size>0x10</size>
         <input_file_ref idref="fl-8"/>
      </object_component>
      <object_component id="oc-f4">
         <name>Sdfm1RegsFile</name>
         <uninitialized>true</uninitialized>
         <run_address>0x5e00</run_address>
         <size>0x80</size>
         <input_file_ref idref="fl-8"/>
      </object_component>
      <object_component id="oc-f0">
         <name>Sdfm2RegsFile</name>
         <uninitialized>true</uninitialized>
         <run_address>0x5e80</run_address>
         <size>0x80</size>
         <input_file_ref idref="fl-8"/>
      </object_component>
      <object_component id="oc-be">
         <name>SpiaRegsFile</name>
         <uninitialized>true</uninitialized>
         <run_address>0x6100</run_address>
         <size>0x10</size>
         <input_file_ref idref="fl-8"/>
      </object_component>
      <object_component id="oc-bd">
         <name>SpibRegsFile</name>
         <uninitialized>true</uninitialized>
         <run_address>0x6110</run_address>
         <size>0x10</size>
         <input_file_ref idref="fl-8"/>
      </object_component>
      <object_component id="oc-ba">
         <name>SpicRegsFile</name>
         <uninitialized>true</uninitialized>
         <run_address>0x6120</run_address>
         <size>0x10</size>
         <input_file_ref idref="fl-8"/>
      </object_component>
      <object_component id="oc-105">
         <name>DevCfgRegsFile</name>
         <uninitialized>true</uninitialized>
         <run_address>0x5d000</run_address>
         <size>0x12e</size>
         <input_file_ref idref="fl-8"/>
      </object_component>
      <object_component id="oc-e6">
         <name>ClkCfgRegsFile</name>
         <uninitialized>true</uninitialized>
         <run_address>0x5d200</run_address>
         <size>0x32</size>
         <input_file_ref idref="fl-8"/>
      </object_component>
      <object_component id="oc-f7">
         <name>CpuSysRegsFile</name>
         <uninitialized>true</uninitialized>
         <run_address>0x5d300</run_address>
         <size>0x82</size>
         <input_file_ref idref="fl-8"/>
      </object_component>
      <object_component id="oc-ae">
         <name>SyncSocRegsFile</name>
         <uninitialized>true</uninitialized>
         <run_address>0x7940</run_address>
         <size>0x6</size>
         <input_file_ref idref="fl-8"/>
      </object_component>
      <object_component id="oc-e4">
         <name>WdRegsFile</name>
         <uninitialized>true</uninitialized>
         <run_address>0x7000</run_address>
         <size>0x2b</size>
         <input_file_ref idref="fl-8"/>
      </object_component>
      <object_component id="oc-b7">
         <name>XintRegsFile</name>
         <uninitialized>true</uninitialized>
         <run_address>0x7070</run_address>
         <size>0xb</size>
         <input_file_ref idref="fl-8"/>
      </object_component>
      <object_component id="oc-84">
         <name>.debug_info</name>
         <load_address>0x0</load_address>
         <run_address>0x0</run_address>
         <size>0x1f5c7</size>
         <input_file_ref idref="fl-2"/>
      </object_component>
      <object_component id="oc-8c">
         <name>.debug_info</name>
         <load_address>0x1f5c7</load_address>
         <run_address>0x1f5c7</run_address>
         <size>0x465f</size>
         <input_file_ref idref="fl-3"/>
      </object_component>
      <object_component id="oc-92">
         <name>.debug_info</name>
         <load_address>0x23c26</load_address>
         <run_address>0x23c26</run_address>
         <size>0x127</size>
         <input_file_ref idref="fl-4"/>
      </object_component>
      <object_component id="oc-96">
         <name>.debug_info</name>
         <load_address>0x23d4d</load_address>
         <run_address>0x23d4d</run_address>
         <size>0xa00</size>
         <input_file_ref idref="fl-5"/>
      </object_component>
      <object_component id="oc-9c">
         <name>.debug_info</name>
         <load_address>0x2474d</load_address>
         <run_address>0x2474d</run_address>
         <size>0x448e</size>
         <input_file_ref idref="fl-6"/>
      </object_component>
      <object_component id="oc-a2">
         <name>.debug_info</name>
         <load_address>0x28bdb</load_address>
         <run_address>0x28bdb</run_address>
         <size>0xf41b</size>
         <input_file_ref idref="fl-7"/>
      </object_component>
      <object_component id="oc-a7">
         <name>.debug_info</name>
         <load_address>0x37ff6</load_address>
         <run_address>0x37ff6</run_address>
         <size>0x50350</size>
         <input_file_ref idref="fl-8"/>
      </object_component>
      <object_component id="oc-10c">
         <name>.debug_info</name>
         <load_address>0x88346</load_address>
         <run_address>0x88346</run_address>
         <size>0x19ef3</size>
         <input_file_ref idref="fl-9"/>
      </object_component>
      <object_component id="oc-111">
         <name>.debug_info</name>
         <load_address>0xa2239</load_address>
         <run_address>0xa2239</run_address>
         <size>0x16b1</size>
         <input_file_ref idref="fl-a"/>
      </object_component>
      <object_component id="oc-116">
         <name>.debug_info</name>
         <load_address>0xa38ea</load_address>
         <run_address>0xa38ea</run_address>
         <size>0x35ce</size>
         <input_file_ref idref="fl-b"/>
      </object_component>
      <object_component id="oc-11b">
         <name>.debug_info</name>
         <load_address>0xa6eb8</load_address>
         <run_address>0xa6eb8</run_address>
         <size>0x6778</size>
         <input_file_ref idref="fl-c"/>
      </object_component>
      <object_component id="oc-120">
         <name>.debug_info</name>
         <load_address>0xad630</load_address>
         <run_address>0xad630</run_address>
         <size>0xca88</size>
         <input_file_ref idref="fl-d"/>
      </object_component>
      <object_component id="oc-126">
         <name>.debug_info</name>
         <load_address>0xba0b8</load_address>
         <run_address>0xba0b8</run_address>
         <size>0x122</size>
         <input_file_ref idref="fl-e"/>
      </object_component>
      <object_component id="oc-12a">
         <name>.debug_info</name>
         <load_address>0xba1da</load_address>
         <run_address>0xba1da</run_address>
         <size>0xa01</size>
         <input_file_ref idref="fl-f"/>
      </object_component>
      <object_component id="oc-12f">
         <name>.debug_info</name>
         <load_address>0xbabdb</load_address>
         <run_address>0xbabdb</run_address>
         <size>0x1db</size>
         <input_file_ref idref="fl-10"/>
      </object_component>
      <object_component id="oc-133">
         <name>.debug_info</name>
         <load_address>0xbadb6</load_address>
         <run_address>0xbadb6</run_address>
         <size>0x16b</size>
         <input_file_ref idref="fl-23"/>
      </object_component>
      <object_component id="oc-137">
         <name>.debug_info</name>
         <load_address>0xbaf21</load_address>
         <run_address>0xbaf21</run_address>
         <size>0x5c1</size>
         <input_file_ref idref="fl-24"/>
      </object_component>
      <object_component id="oc-13c">
         <name>.debug_info</name>
         <load_address>0xbb4e2</load_address>
         <run_address>0xbb4e2</run_address>
         <size>0x5ab</size>
         <input_file_ref idref="fl-25"/>
      </object_component>
      <object_component id="oc-144">
         <name>.debug_info</name>
         <load_address>0xbba8d</load_address>
         <run_address>0xbba8d</run_address>
         <size>0x10c</size>
         <input_file_ref idref="fl-26"/>
      </object_component>
      <object_component id="oc-149">
         <name>.debug_info</name>
         <load_address>0xbbb99</load_address>
         <run_address>0xbbb99</run_address>
         <size>0x16e</size>
         <input_file_ref idref="fl-27"/>
      </object_component>
      <object_component id="oc-14d">
         <name>.debug_info</name>
         <load_address>0xbbd07</load_address>
         <run_address>0xbbd07</run_address>
         <size>0x46f</size>
         <input_file_ref idref="fl-28"/>
      </object_component>
      <object_component id="oc-152">
         <name>.debug_info</name>
         <load_address>0xbc176</load_address>
         <run_address>0xbc176</run_address>
         <size>0x3ab</size>
         <input_file_ref idref="fl-29"/>
      </object_component>
      <object_component id="oc-157">
         <name>.debug_info</name>
         <load_address>0xbc521</load_address>
         <run_address>0xbc521</run_address>
         <size>0x3e2</size>
         <input_file_ref idref="fl-2a"/>
      </object_component>
      <object_component id="oc-15c">
         <name>.debug_info</name>
         <load_address>0xbc903</load_address>
         <run_address>0xbc903</run_address>
         <size>0x422</size>
         <input_file_ref idref="fl-2b"/>
      </object_component>
      <object_component id="oc-161">
         <name>.debug_info</name>
         <load_address>0xbcd25</load_address>
         <run_address>0xbcd25</run_address>
         <size>0x434</size>
         <input_file_ref idref="fl-2c"/>
      </object_component>
      <object_component id="oc-166">
         <name>.debug_info</name>
         <load_address>0xbd159</load_address>
         <run_address>0xbd159</run_address>
         <size>0x3df</size>
         <input_file_ref idref="fl-2d"/>
      </object_component>
      <object_component id="oc-16b">
         <name>.debug_info</name>
         <load_address>0xbd538</load_address>
         <run_address>0xbd538</run_address>
         <size>0x501</size>
         <input_file_ref idref="fl-2e"/>
      </object_component>
      <object_component id="oc-170">
         <name>.debug_info</name>
         <load_address>0xbda39</load_address>
         <run_address>0xbda39</run_address>
         <size>0x4ce</size>
         <input_file_ref idref="fl-2f"/>
      </object_component>
      <object_component id="oc-217">
         <name>.debug_info</name>
         <load_address>0xbdf07</load_address>
         <run_address>0xbdf07</run_address>
         <size>0xc1</size>
      </object_component>
      <object_component id="oc-88">
         <name>.debug_frame</name>
         <load_address>0x0</load_address>
         <run_address>0x0</run_address>
         <size>0x15a</size>
         <input_file_ref idref="fl-2"/>
      </object_component>
      <object_component id="oc-8d">
         <name>.debug_frame</name>
         <load_address>0x15a</load_address>
         <run_address>0x15a</run_address>
         <size>0x2e</size>
         <input_file_ref idref="fl-3"/>
      </object_component>
      <object_component id="oc-98">
         <name>.debug_frame</name>
         <load_address>0x188</load_address>
         <run_address>0x188</run_address>
         <size>0x5f</size>
         <input_file_ref idref="fl-5"/>
      </object_component>
      <object_component id="oc-9e">
         <name>.debug_frame</name>
         <load_address>0x1e7</load_address>
         <run_address>0x1e7</run_address>
         <size>0x1495</size>
         <input_file_ref idref="fl-6"/>
      </object_component>
      <object_component id="oc-a3">
         <name>.debug_frame</name>
         <load_address>0x167c</load_address>
         <run_address>0x167c</run_address>
         <size>0x2e</size>
         <input_file_ref idref="fl-7"/>
      </object_component>
      <object_component id="oc-10d">
         <name>.debug_frame</name>
         <load_address>0x16aa</load_address>
         <run_address>0x16aa</run_address>
         <size>0x19e</size>
         <input_file_ref idref="fl-9"/>
      </object_component>
      <object_component id="oc-112">
         <name>.debug_frame</name>
         <load_address>0x1848</load_address>
         <run_address>0x1848</run_address>
         <size>0x2e</size>
         <input_file_ref idref="fl-a"/>
      </object_component>
      <object_component id="oc-117">
         <name>.debug_frame</name>
         <load_address>0x1876</load_address>
         <run_address>0x1876</run_address>
         <size>0x58</size>
         <input_file_ref idref="fl-b"/>
      </object_component>
      <object_component id="oc-11c">
         <name>.debug_frame</name>
         <load_address>0x18ce</load_address>
         <run_address>0x18ce</run_address>
         <size>0x49</size>
         <input_file_ref idref="fl-c"/>
      </object_component>
      <object_component id="oc-121">
         <name>.debug_frame</name>
         <load_address>0x1917</load_address>
         <run_address>0x1917</run_address>
         <size>0x1e7</size>
         <input_file_ref idref="fl-d"/>
      </object_component>
      <object_component id="oc-12b">
         <name>.debug_frame</name>
         <load_address>0x1afe</load_address>
         <run_address>0x1afe</run_address>
         <size>0x83</size>
         <input_file_ref idref="fl-f"/>
      </object_component>
      <object_component id="oc-138">
         <name>.debug_frame</name>
         <load_address>0x1b81</load_address>
         <run_address>0x1b81</run_address>
         <size>0x64</size>
         <input_file_ref idref="fl-24"/>
      </object_component>
      <object_component id="oc-13f">
         <name>.debug_frame</name>
         <load_address>0x1be5</load_address>
         <run_address>0x1be5</run_address>
         <size>0x61</size>
         <input_file_ref idref="fl-25"/>
      </object_component>
      <object_component id="oc-14e">
         <name>.debug_frame</name>
         <load_address>0x1c46</load_address>
         <run_address>0x1c46</run_address>
         <size>0x43</size>
         <input_file_ref idref="fl-28"/>
      </object_component>
      <object_component id="oc-153">
         <name>.debug_frame</name>
         <load_address>0x1c89</load_address>
         <run_address>0x1c89</run_address>
         <size>0x2e</size>
         <input_file_ref idref="fl-29"/>
      </object_component>
      <object_component id="oc-158">
         <name>.debug_frame</name>
         <load_address>0x1cb7</load_address>
         <run_address>0x1cb7</run_address>
         <size>0x43</size>
         <input_file_ref idref="fl-2a"/>
      </object_component>
      <object_component id="oc-15d">
         <name>.debug_frame</name>
         <load_address>0x1cfa</load_address>
         <run_address>0x1cfa</run_address>
         <size>0x4a</size>
         <input_file_ref idref="fl-2b"/>
      </object_component>
      <object_component id="oc-162">
         <name>.debug_frame</name>
         <load_address>0x1d44</load_address>
         <run_address>0x1d44</run_address>
         <size>0x4a</size>
         <input_file_ref idref="fl-2c"/>
      </object_component>
      <object_component id="oc-167">
         <name>.debug_frame</name>
         <load_address>0x1d8e</load_address>
         <run_address>0x1d8e</run_address>
         <size>0x43</size>
         <input_file_ref idref="fl-2d"/>
      </object_component>
      <object_component id="oc-16c">
         <name>.debug_frame</name>
         <load_address>0x1dd1</load_address>
         <run_address>0x1dd1</run_address>
         <size>0x6d</size>
         <input_file_ref idref="fl-2e"/>
      </object_component>
      <object_component id="oc-171">
         <name>.debug_frame</name>
         <load_address>0x1e3e</load_address>
         <run_address>0x1e3e</run_address>
         <size>0x43</size>
         <input_file_ref idref="fl-2f"/>
      </object_component>
      <object_component id="oc-89">
         <name>.debug_line</name>
         <load_address>0x0</load_address>
         <run_address>0x0</run_address>
         <size>0x123</size>
         <input_file_ref idref="fl-2"/>
      </object_component>
      <object_component id="oc-8e">
         <name>.debug_line</name>
         <load_address>0x123</load_address>
         <run_address>0x123</run_address>
         <size>0x3f</size>
         <input_file_ref idref="fl-3"/>
      </object_component>
      <object_component id="oc-93">
         <name>.debug_line</name>
         <load_address>0x162</load_address>
         <run_address>0x162</run_address>
         <size>0x5b</size>
         <input_file_ref idref="fl-4"/>
      </object_component>
      <object_component id="oc-99">
         <name>.debug_line</name>
         <load_address>0x1bd</load_address>
         <run_address>0x1bd</run_address>
         <size>0x95</size>
         <input_file_ref idref="fl-5"/>
      </object_component>
      <object_component id="oc-9f">
         <name>.debug_line</name>
         <load_address>0x252</load_address>
         <run_address>0x252</run_address>
         <size>0xce9</size>
         <input_file_ref idref="fl-6"/>
      </object_component>
      <object_component id="oc-a4">
         <name>.debug_line</name>
         <load_address>0xf3b</load_address>
         <run_address>0xf3b</run_address>
         <size>0x40</size>
         <input_file_ref idref="fl-7"/>
      </object_component>
      <object_component id="oc-10e">
         <name>.debug_line</name>
         <load_address>0xf7b</load_address>
         <run_address>0xf7b</run_address>
         <size>0x272</size>
         <input_file_ref idref="fl-9"/>
      </object_component>
      <object_component id="oc-113">
         <name>.debug_line</name>
         <load_address>0x11ed</load_address>
         <run_address>0x11ed</run_address>
         <size>0x3f</size>
         <input_file_ref idref="fl-a"/>
      </object_component>
      <object_component id="oc-118">
         <name>.debug_line</name>
         <load_address>0x122c</load_address>
         <run_address>0x122c</run_address>
         <size>0x93</size>
         <input_file_ref idref="fl-b"/>
      </object_component>
      <object_component id="oc-11d">
         <name>.debug_line</name>
         <load_address>0x12bf</load_address>
         <run_address>0x12bf</run_address>
         <size>0x77</size>
         <input_file_ref idref="fl-c"/>
      </object_component>
      <object_component id="oc-122">
         <name>.debug_line</name>
         <load_address>0x1336</load_address>
         <run_address>0x1336</run_address>
         <size>0x45b</size>
         <input_file_ref idref="fl-d"/>
      </object_component>
      <object_component id="oc-127">
         <name>.debug_line</name>
         <load_address>0x1791</load_address>
         <run_address>0x1791</run_address>
         <size>0x55</size>
         <input_file_ref idref="fl-e"/>
      </object_component>
      <object_component id="oc-12c">
         <name>.debug_line</name>
         <load_address>0x17e6</load_address>
         <run_address>0x17e6</run_address>
         <size>0xcb</size>
         <input_file_ref idref="fl-f"/>
      </object_component>
      <object_component id="oc-134">
         <name>.debug_line</name>
         <load_address>0x18b1</load_address>
         <run_address>0x18b1</run_address>
         <size>0x7e</size>
         <input_file_ref idref="fl-23"/>
      </object_component>
      <object_component id="oc-139">
         <name>.debug_line</name>
         <load_address>0x192f</load_address>
         <run_address>0x192f</run_address>
         <size>0x50</size>
         <input_file_ref idref="fl-24"/>
      </object_component>
      <object_component id="oc-140">
         <name>.debug_line</name>
         <load_address>0x197f</load_address>
         <run_address>0x197f</run_address>
         <size>0x65</size>
         <input_file_ref idref="fl-25"/>
      </object_component>
      <object_component id="oc-145">
         <name>.debug_line</name>
         <load_address>0x19e4</load_address>
         <run_address>0x19e4</run_address>
         <size>0xad</size>
         <input_file_ref idref="fl-26"/>
      </object_component>
      <object_component id="oc-14a">
         <name>.debug_line</name>
         <load_address>0x1a91</load_address>
         <run_address>0x1a91</run_address>
         <size>0x6c</size>
         <input_file_ref idref="fl-27"/>
      </object_component>
      <object_component id="oc-14f">
         <name>.debug_line</name>
         <load_address>0x1afd</load_address>
         <run_address>0x1afd</run_address>
         <size>0x62</size>
         <input_file_ref idref="fl-28"/>
      </object_component>
      <object_component id="oc-154">
         <name>.debug_line</name>
         <load_address>0x1b5f</load_address>
         <run_address>0x1b5f</run_address>
         <size>0x87</size>
         <input_file_ref idref="fl-29"/>
      </object_component>
      <object_component id="oc-159">
         <name>.debug_line</name>
         <load_address>0x1be6</load_address>
         <run_address>0x1be6</run_address>
         <size>0x3e</size>
         <input_file_ref idref="fl-2a"/>
      </object_component>
      <object_component id="oc-15e">
         <name>.debug_line</name>
         <load_address>0x1c24</load_address>
         <run_address>0x1c24</run_address>
         <size>0x50</size>
         <input_file_ref idref="fl-2b"/>
      </object_component>
      <object_component id="oc-163">
         <name>.debug_line</name>
         <load_address>0x1c74</load_address>
         <run_address>0x1c74</run_address>
         <size>0x63</size>
         <input_file_ref idref="fl-2c"/>
      </object_component>
      <object_component id="oc-168">
         <name>.debug_line</name>
         <load_address>0x1cd7</load_address>
         <run_address>0x1cd7</run_address>
         <size>0x3a</size>
         <input_file_ref idref="fl-2d"/>
      </object_component>
      <object_component id="oc-16d">
         <name>.debug_line</name>
         <load_address>0x1d11</load_address>
         <run_address>0x1d11</run_address>
         <size>0x5e</size>
         <input_file_ref idref="fl-2e"/>
      </object_component>
      <object_component id="oc-172">
         <name>.debug_line</name>
         <load_address>0x1d6f</load_address>
         <run_address>0x1d6f</run_address>
         <size>0x55</size>
         <input_file_ref idref="fl-2f"/>
      </object_component>
      <object_component id="oc-8a">
         <name>.debug_abbrev</name>
         <load_address>0x0</load_address>
         <run_address>0x0</run_address>
         <size>0x17d</size>
         <input_file_ref idref="fl-2"/>
      </object_component>
      <object_component id="oc-8f">
         <name>.debug_abbrev</name>
         <load_address>0x17d</load_address>
         <run_address>0x17d</run_address>
         <size>0x115</size>
         <input_file_ref idref="fl-3"/>
      </object_component>
      <object_component id="oc-94">
         <name>.debug_abbrev</name>
         <load_address>0x292</load_address>
         <run_address>0x292</run_address>
         <size>0x21</size>
         <input_file_ref idref="fl-4"/>
      </object_component>
      <object_component id="oc-9a">
         <name>.debug_abbrev</name>
         <load_address>0x2b3</load_address>
         <run_address>0x2b3</run_address>
         <size>0xfd</size>
         <input_file_ref idref="fl-5"/>
      </object_component>
      <object_component id="oc-a0">
         <name>.debug_abbrev</name>
         <load_address>0x3b0</load_address>
         <run_address>0x3b0</run_address>
         <size>0xde</size>
         <input_file_ref idref="fl-6"/>
      </object_component>
      <object_component id="oc-a5">
         <name>.debug_abbrev</name>
         <load_address>0x48e</load_address>
         <run_address>0x48e</run_address>
         <size>0x143</size>
         <input_file_ref idref="fl-7"/>
      </object_component>
      <object_component id="oc-10b">
         <name>.debug_abbrev</name>
         <load_address>0x5d1</load_address>
         <run_address>0x5d1</run_address>
         <size>0xcb</size>
         <input_file_ref idref="fl-8"/>
      </object_component>
      <object_component id="oc-10f">
         <name>.debug_abbrev</name>
         <load_address>0x69c</load_address>
         <run_address>0x69c</run_address>
         <size>0x191</size>
         <input_file_ref idref="fl-9"/>
      </object_component>
      <object_component id="oc-114">
         <name>.debug_abbrev</name>
         <load_address>0x82d</load_address>
         <run_address>0x82d</run_address>
         <size>0x166</size>
         <input_file_ref idref="fl-a"/>
      </object_component>
      <object_component id="oc-119">
         <name>.debug_abbrev</name>
         <load_address>0x993</load_address>
         <run_address>0x993</run_address>
         <size>0xc8</size>
         <input_file_ref idref="fl-b"/>
      </object_component>
      <object_component id="oc-11e">
         <name>.debug_abbrev</name>
         <load_address>0xa5b</load_address>
         <run_address>0xa5b</run_address>
         <size>0x116</size>
         <input_file_ref idref="fl-c"/>
      </object_component>
      <object_component id="oc-123">
         <name>.debug_abbrev</name>
         <load_address>0xb71</load_address>
         <run_address>0xb71</run_address>
         <size>0x1c5</size>
         <input_file_ref idref="fl-d"/>
      </object_component>
      <object_component id="oc-128">
         <name>.debug_abbrev</name>
         <load_address>0xd36</load_address>
         <run_address>0xd36</run_address>
         <size>0x2f</size>
         <input_file_ref idref="fl-e"/>
      </object_component>
      <object_component id="oc-12d">
         <name>.debug_abbrev</name>
         <load_address>0xd65</load_address>
         <run_address>0xd65</run_address>
         <size>0xe7</size>
         <input_file_ref idref="fl-f"/>
      </object_component>
      <object_component id="oc-130">
         <name>.debug_abbrev</name>
         <load_address>0xe4c</load_address>
         <run_address>0xe4c</run_address>
         <size>0x57</size>
         <input_file_ref idref="fl-10"/>
      </object_component>
      <object_component id="oc-135">
         <name>.debug_abbrev</name>
         <load_address>0xea3</load_address>
         <run_address>0xea3</run_address>
         <size>0x46</size>
         <input_file_ref idref="fl-23"/>
      </object_component>
      <object_component id="oc-13a">
         <name>.debug_abbrev</name>
         <load_address>0xee9</load_address>
         <run_address>0xee9</run_address>
         <size>0xfc</size>
         <input_file_ref idref="fl-24"/>
      </object_component>
      <object_component id="oc-141">
         <name>.debug_abbrev</name>
         <load_address>0xfe5</load_address>
         <run_address>0xfe5</run_address>
         <size>0x142</size>
         <input_file_ref idref="fl-25"/>
      </object_component>
      <object_component id="oc-146">
         <name>.debug_abbrev</name>
         <load_address>0x1127</load_address>
         <run_address>0x1127</run_address>
         <size>0x38</size>
         <input_file_ref idref="fl-26"/>
      </object_component>
      <object_component id="oc-14b">
         <name>.debug_abbrev</name>
         <load_address>0x115f</load_address>
         <run_address>0x115f</run_address>
         <size>0x38</size>
         <input_file_ref idref="fl-27"/>
      </object_component>
      <object_component id="oc-150">
         <name>.debug_abbrev</name>
         <load_address>0x1197</load_address>
         <run_address>0x1197</run_address>
         <size>0xa8</size>
         <input_file_ref idref="fl-28"/>
      </object_component>
      <object_component id="oc-155">
         <name>.debug_abbrev</name>
         <load_address>0x123f</load_address>
         <run_address>0x123f</run_address>
         <size>0xa8</size>
         <input_file_ref idref="fl-29"/>
      </object_component>
      <object_component id="oc-15a">
         <name>.debug_abbrev</name>
         <load_address>0x12e7</load_address>
         <run_address>0x12e7</run_address>
         <size>0x68</size>
         <input_file_ref idref="fl-2a"/>
      </object_component>
      <object_component id="oc-15f">
         <name>.debug_abbrev</name>
         <load_address>0x134f</load_address>
         <run_address>0x134f</run_address>
         <size>0x9d</size>
         <input_file_ref idref="fl-2b"/>
      </object_component>
      <object_component id="oc-164">
         <name>.debug_abbrev</name>
         <load_address>0x13ec</load_address>
         <run_address>0x13ec</run_address>
         <size>0x9d</size>
         <input_file_ref idref="fl-2c"/>
      </object_component>
      <object_component id="oc-169">
         <name>.debug_abbrev</name>
         <load_address>0x1489</load_address>
         <run_address>0x1489</run_address>
         <size>0x66</size>
         <input_file_ref idref="fl-2d"/>
      </object_component>
      <object_component id="oc-16e">
         <name>.debug_abbrev</name>
         <load_address>0x14ef</load_address>
         <run_address>0x14ef</run_address>
         <size>0xb2</size>
         <input_file_ref idref="fl-2e"/>
      </object_component>
      <object_component id="oc-173">
         <name>.debug_abbrev</name>
         <load_address>0x15a1</load_address>
         <run_address>0x15a1</run_address>
         <size>0xfe</size>
         <input_file_ref idref="fl-2f"/>
      </object_component>
      <object_component id="oc-218">
         <name>.debug_abbrev</name>
         <load_address>0x169f</load_address>
         <run_address>0x169f</run_address>
         <size>0xf</size>
      </object_component>
      <object_component id="oc-8b">
         <name>.debug_aranges</name>
         <load_address>0x0</load_address>
         <run_address>0x0</run_address>
         <size>0x48</size>
         <input_file_ref idref="fl-2"/>
      </object_component>
      <object_component id="oc-90">
         <name>.debug_aranges</name>
         <load_address>0x48</load_address>
         <run_address>0x48</run_address>
         <size>0x18</size>
         <input_file_ref idref="fl-3"/>
      </object_component>
      <object_component id="oc-95">
         <name>.debug_aranges</name>
         <load_address>0x60</load_address>
         <run_address>0x60</run_address>
         <size>0x20</size>
         <input_file_ref idref="fl-4"/>
      </object_component>
      <object_component id="oc-9b">
         <name>.debug_aranges</name>
         <load_address>0x80</load_address>
         <run_address>0x80</run_address>
         <size>0x28</size>
         <input_file_ref idref="fl-5"/>
      </object_component>
      <object_component id="oc-a1">
         <name>.debug_aranges</name>
         <load_address>0xa8</load_address>
         <run_address>0xa8</run_address>
         <size>0x480</size>
         <input_file_ref idref="fl-6"/>
      </object_component>
      <object_component id="oc-a6">
         <name>.debug_aranges</name>
         <load_address>0x528</load_address>
         <run_address>0x528</run_address>
         <size>0x18</size>
         <input_file_ref idref="fl-7"/>
      </object_component>
      <object_component id="oc-110">
         <name>.debug_aranges</name>
         <load_address>0x540</load_address>
         <run_address>0x540</run_address>
         <size>0x88</size>
         <input_file_ref idref="fl-9"/>
      </object_component>
      <object_component id="oc-115">
         <name>.debug_aranges</name>
         <load_address>0x5c8</load_address>
         <run_address>0x5c8</run_address>
         <size>0x18</size>
         <input_file_ref idref="fl-a"/>
      </object_component>
      <object_component id="oc-11a">
         <name>.debug_aranges</name>
         <load_address>0x5e0</load_address>
         <run_address>0x5e0</run_address>
         <size>0x28</size>
         <input_file_ref idref="fl-b"/>
      </object_component>
      <object_component id="oc-11f">
         <name>.debug_aranges</name>
         <load_address>0x608</load_address>
         <run_address>0x608</run_address>
         <size>0x20</size>
         <input_file_ref idref="fl-c"/>
      </object_component>
      <object_component id="oc-124">
         <name>.debug_aranges</name>
         <load_address>0x628</load_address>
         <run_address>0x628</run_address>
         <size>0xb8</size>
         <input_file_ref idref="fl-d"/>
      </object_component>
      <object_component id="oc-129">
         <name>.debug_aranges</name>
         <load_address>0x6e0</load_address>
         <run_address>0x6e0</run_address>
         <size>0x20</size>
         <input_file_ref idref="fl-e"/>
      </object_component>
      <object_component id="oc-12e">
         <name>.debug_aranges</name>
         <load_address>0x700</load_address>
         <run_address>0x700</run_address>
         <size>0x30</size>
         <input_file_ref idref="fl-f"/>
      </object_component>
      <object_component id="oc-136">
         <name>.debug_aranges</name>
         <load_address>0x730</load_address>
         <run_address>0x730</run_address>
         <size>0x20</size>
         <input_file_ref idref="fl-23"/>
      </object_component>
      <object_component id="oc-13b">
         <name>.debug_aranges</name>
         <load_address>0x750</load_address>
         <run_address>0x750</run_address>
         <size>0x20</size>
         <input_file_ref idref="fl-24"/>
      </object_component>
      <object_component id="oc-142">
         <name>.debug_aranges</name>
         <load_address>0x770</load_address>
         <run_address>0x770</run_address>
         <size>0x28</size>
         <input_file_ref idref="fl-25"/>
      </object_component>
      <object_component id="oc-147">
         <name>.debug_aranges</name>
         <load_address>0x798</load_address>
         <run_address>0x798</run_address>
         <size>0x20</size>
         <input_file_ref idref="fl-26"/>
      </object_component>
      <object_component id="oc-14c">
         <name>.debug_aranges</name>
         <load_address>0x7b8</load_address>
         <run_address>0x7b8</run_address>
         <size>0x30</size>
         <input_file_ref idref="fl-27"/>
      </object_component>
      <object_component id="oc-151">
         <name>.debug_aranges</name>
         <load_address>0x7e8</load_address>
         <run_address>0x7e8</run_address>
         <size>0x20</size>
         <input_file_ref idref="fl-28"/>
      </object_component>
      <object_component id="oc-156">
         <name>.debug_aranges</name>
         <load_address>0x808</load_address>
         <run_address>0x808</run_address>
         <size>0x18</size>
         <input_file_ref idref="fl-29"/>
      </object_component>
      <object_component id="oc-15b">
         <name>.debug_aranges</name>
         <load_address>0x820</load_address>
         <run_address>0x820</run_address>
         <size>0x20</size>
         <input_file_ref idref="fl-2a"/>
      </object_component>
      <object_component id="oc-160">
         <name>.debug_aranges</name>
         <load_address>0x840</load_address>
         <run_address>0x840</run_address>
         <size>0x20</size>
         <input_file_ref idref="fl-2b"/>
      </object_component>
      <object_component id="oc-165">
         <name>.debug_aranges</name>
         <load_address>0x860</load_address>
         <run_address>0x860</run_address>
         <size>0x20</size>
         <input_file_ref idref="fl-2c"/>
      </object_component>
      <object_component id="oc-16a">
         <name>.debug_aranges</name>
         <load_address>0x880</load_address>
         <run_address>0x880</run_address>
         <size>0x20</size>
         <input_file_ref idref="fl-2d"/>
      </object_component>
      <object_component id="oc-16f">
         <name>.debug_aranges</name>
         <load_address>0x8a0</load_address>
         <run_address>0x8a0</run_address>
         <size>0x30</size>
         <input_file_ref idref="fl-2e"/>
      </object_component>
      <object_component id="oc-174">
         <name>.debug_aranges</name>
         <load_address>0x8d0</load_address>
         <run_address>0x8d0</run_address>
         <size>0x20</size>
         <input_file_ref idref="fl-2f"/>
      </object_component>
   </object_component_list>
   <logical_group_list>
      <logical_group id="lg-2" display="no" color="cyan">
         <name>.cinit</name>
         <load_address>0x82000</load_address>
         <run_address>0x82000</run_address>
         <size>0x22</size>
         <contents>
            <object_component_ref idref="oc-13d"/>
            <object_component_ref idref="oc-85"/>
            <object_component_ref idref="oc-17f"/>
            <object_component_ref idref="oc-187"/>
         </contents>
      </logical_group>
      <logical_group id="lg-3" display="no" color="cyan">
         <name>.pinit</name>
         <run_address>0x0</run_address>
         <size>0x0</size>
         <contents>
         </contents>
      </logical_group>
      <logical_group id="lg-214" display="no" color="cyan">
         <name>.text</name>
         <load_address>0x82024</load_address>
         <run_address>0x82024</run_address>
         <size>0x123e</size>
         <contents>
            <object_component_ref idref="oc-9d"/>
            <object_component_ref idref="oc-182"/>
            <object_component_ref idref="oc-17b"/>
            <object_component_ref idref="oc-188"/>
            <object_component_ref idref="oc-17d"/>
            <object_component_ref idref="oc-87"/>
            <object_component_ref idref="oc-143"/>
            <object_component_ref idref="oc-185"/>
            <object_component_ref idref="oc-181"/>
            <object_component_ref idref="oc-180"/>
            <object_component_ref idref="oc-83"/>
            <object_component_ref idref="oc-179"/>
            <object_component_ref idref="oc-183"/>
            <object_component_ref idref="oc-184"/>
            <object_component_ref idref="oc-176"/>
            <object_component_ref idref="oc-17c"/>
            <object_component_ref idref="oc-178"/>
            <object_component_ref idref="oc-148"/>
            <object_component_ref idref="oc-186"/>
            <object_component_ref idref="oc-175"/>
            <object_component_ref idref="oc-177"/>
         </contents>
      </logical_group>
      <split_section id="lg-4" display="no" color="cyan">
         <name>.text</name>
         <contents>
            <logical_group_ref idref="lg-214"/>
         </contents>
      </split_section>
      <logical_group id="lg-5" display="no" color="cyan">
         <name>codestart</name>
         <load_address>0x80000</load_address>
         <run_address>0x80000</run_address>
         <size>0x2</size>
         <contents>
            <object_component_ref idref="oc-91"/>
         </contents>
      </logical_group>
      <logical_group id="lg-6" display="no" color="cyan">
         <name>.TI.ramfunc</name>
         <load_address>0x86000</load_address>
         <run_address>0x8000</run_address>
         <size>0x4</size>
         <contents>
            <object_component_ref idref="oc-125"/>
         </contents>
      </logical_group>
      <logical_group id="lg-7" display="no" color="cyan">
         <name>.stack</name>
         <run_address>0x400</run_address>
         <size>0x200</size>
         <contents>
            <object_component_ref idref="oc-131"/>
            <object_component_ref idref="oc-213"/>
         </contents>
      </logical_group>
      <logical_group id="lg-215" display="no" color="cyan">
         <name>.ebss</name>
         <run_address>0xa800</run_address>
         <size>0xa8</size>
         <contents>
            <object_component_ref idref="oc-86"/>
            <object_component_ref idref="oc-97"/>
            <object_component_ref idref="oc-13e"/>
            <object_component_ref idref="oc-17e"/>
            <object_component_ref idref="oc-18a"/>
         </contents>
      </logical_group>
      <split_section id="lg-8" display="no" color="cyan">
         <name>.ebss</name>
         <contents>
            <logical_group_ref idref="lg-215"/>
         </contents>
      </split_section>
      <logical_group id="lg-9" display="no" color="cyan">
         <name>.esysmem</name>
         <run_address>0x0</run_address>
         <size>0x0</size>
         <contents>
         </contents>
      </logical_group>
      <logical_group id="lg-216" display="no" color="cyan">
         <name>.econst</name>
         <load_address>0x90000</load_address>
         <run_address>0x90000</run_address>
         <size>0x11c0</size>
         <contents>
            <object_component_ref idref="oc-17a"/>
            <object_component_ref idref="oc-189"/>
         </contents>
      </logical_group>
      <split_section id="lg-a" display="no" color="cyan">
         <name>.econst</name>
         <contents>
            <logical_group_ref idref="lg-216"/>
         </contents>
      </split_section>
      <logical_group id="lg-b" display="no" color="cyan">
         <name>.switch</name>
         <run_address>0x0</run_address>
         <size>0x0</size>
         <contents>
         </contents>
      </logical_group>
      <logical_group id="lg-c" display="no" color="cyan">
         <name>.reset</name>
         <load_address>0x3fffc0</load_address>
         <run_address>0x3fffc0</run_address>
         <size>0x2</size>
         <contents>
            <object_component_ref idref="oc-132"/>
         </contents>
      </logical_group>
      <logical_group id="lg-d" display="no" color="cyan">
         <name>Filter_RegsFile</name>
         <run_address>0x0</run_address>
         <size>0x0</size>
         <contents>
         </contents>
      </logical_group>
      <logical_group id="lg-e" display="no" color="cyan">
         <name>SHARERAMGS0</name>
         <run_address>0x0</run_address>
         <size>0x0</size>
         <contents>
         </contents>
      </logical_group>
      <logical_group id="lg-f" display="no" color="cyan">
         <name>SHARERAMGS1</name>
         <run_address>0x0</run_address>
         <size>0x0</size>
         <contents>
         </contents>
      </logical_group>
      <logical_group id="lg-11" display="no" color="cyan">
         <name>PUTBUFFER</name>
[...]
      </symbol>
      <symbol id="sm-382">
         <name>_EPwm6Regs</name>
         <value>0x4500</value>
         <object_component_ref idref="oc-fe"/>
      </symbol>
      <symbol id="sm-383">
         <name>_AdcaRegs</name>
         <value>0x7400</value>
         <object_component_ref idref="oc-f5"/>
      </symbol>
      <symbol id="sm-384">
         <name>_SciaRegs</name>
         <value>0x7200</value>
         <object_component_ref idref="oc-b9"/>
      </symbol>
      <symbol id="sm-385">
         <name>_EPwm11Regs</name>
         <value>0x4a00</value>
         <object_component_ref idref="oc-100"/>
      </symbol>
      <symbol id="sm-386">
         <name>_GpioDataRegs</name>
         <value>0x7f00</value>
         <object_component_ref idref="oc-e5"/>
      </symbol>
      <symbol id="sm-387">
         <name>_Sdfm1Regs</name>
         <value>0x5e00</value>
         <object_component_ref idref="oc-f4"/>
      </symbol>
      <symbol id="sm-388">
         <name>_Cmpss2Regs</name>
         <value>0x5ca0</value>
         <object_component_ref idref="oc-d2"/>
      </symbol>
      <symbol id="sm-389">
         <name>_Emif2Regs</name>
         <value>0x47800</value>
         <object_component_ref idref="oc-ef"/>
      </symbol>
      <symbol id="sm-38a">
         <name>_DcsmZ1Regs</name>
         <value>0x5f000</value>
         <object_component_ref idref="oc-e0"/>
      </symbol>
      <symbol id="sm-38b">
         <name>_Flash0CtrlRegs</name>
         <value>0x5f800</value>
         <object_component_ref idref="oc-109"/>
      </symbol>
      <symbol id="sm-38c">
         <name>_EPwm7Regs</name>
         <value>0x4600</value>
         <object_component_ref idref="oc-fb"/>
      </symbol>
      <symbol id="sm-38d">
         <name>_SpicRegs</name>
         <value>0x6120</value>
         <object_component_ref idref="oc-ba"/>
      </symbol>
      <symbol id="sm-38e">
         <name>_EPwm10Regs</name>
         <value>0x4900</value>
         <object_component_ref idref="oc-103"/>
      </symbol>
      <symbol id="sm-38f">
         <name>_CpuTimer2Regs</name>
         <value>0xc10</value>
         <object_component_ref idref="oc-b3"/>
      </symbol>
      <symbol id="sm-390">
         <name>_DmaClaSrcSelRegs</name>
         <value>0x7980</value>
         <object_component_ref idref="oc-c4"/>
      </symbol>
      <symbol id="sm-391">
         <name>_AnalogSubsysRegs</name>
         <value>0x5d180</value>
         <object_component_ref idref="oc-ec"/>
      </symbol>
      <symbol id="sm-392">
         <name>_Cmpss3Regs</name>
         <value>0x5cc0</value>
         <object_component_ref idref="oc-d5"/>
      </symbol>
      <symbol id="sm-393">
         <name>_DaccRegs</name>
         <value>0x5c20</value>
         <object_component_ref idref="oc-b0"/>
      </symbol>
      <symbol id="sm-394">
         <name>_PieCtrlRegs</name>
         <value>0xce0</value>
         <object_component_ref idref="oc-c3"/>
      </symbol>
      <symbol id="sm-395">
         <name>_DevCfgRegs</name>
         <value>0x5d000</value>
         <object_component_ref idref="oc-105"/>
      </symbol>
      <symbol id="sm-396">
         <name>_SpibRegs</name>
         <value>0x6110</value>
         <object_component_ref idref="oc-bd"/>
      </symbol>
      <symbol id="sm-397">
         <name>_AdccRegs</name>
         <value>0x7500</value>
         <object_component_ref idref="oc-f1"/>
      </symbol>
      <symbol id="sm-398">
         <name>_ScicRegs</name>
         <value>0x7220</value>
         <object_component_ref idref="oc-bb"/>
      </symbol>
      <symbol id="sm-399">
         <name>_ECap1Regs</name>
         <value>0x5000</value>
         <object_component_ref idref="oc-d7"/>
      </symbol>
      <symbol id="sm-39a">
         <name>_EmuKey</name>
         <value>0xd00</value>
         <object_component_ref idref="oc-a9"/>
      </symbol>
      <symbol id="sm-39b">
         <name>_OutputXbarRegs</name>
         <value>0x7a80</value>
         <object_component_ref idref="oc-eb"/>
      </symbol>
      <symbol id="sm-39c">
         <name>_MemoryErrorRegs</name>
         <value>0x5f500</value>
         <object_component_ref idref="oc-e8"/>
      </symbol>
      <symbol id="sm-39d">
         <name>_Cla1Regs</name>
         <value>0x1400</value>
         <object_component_ref idref="oc-e7"/>
      </symbol>
      <symbol id="sm-39e">
         <name>_DcsmZ2Otp</name>
         <value>0x78200</value>
         <object_component_ref idref="oc-d6"/>
      </symbol>
      <symbol id="sm-39f">
         <name>_EQep1Regs</name>
         <value>0x5100</value>
         <object_component_ref idref="oc-d9"/>
      </symbol>
      <symbol id="sm-3a0">
         <name>_DacbRegs</name>
         <value>0x5c10</value>
         <object_component_ref idref="oc-b5"/>
      </symbol>
      <symbol id="sm-3a1">
         <name>_McbspaRegs</name>
         <value>0x6000</value>
         <object_component_ref idref="oc-e1"/>
      </symbol>
      <symbol id="sm-3a2">
         <name>_EPwm1Regs</name>
         <value>0x4000</value>
         <object_component_ref idref="oc-fd"/>
      </symbol>
      <symbol id="sm-3a3">
         <name>_AdcbRegs</name>
         <value>0x7480</value>
         <object_component_ref idref="oc-f2"/>
      </symbol>
      <symbol id="sm-3a4">
         <name>_ScibRegs</name>
         <value>0x7210</value>
         <object_component_ref idref="oc-b8"/>
      </symbol>
      <symbol id="sm-3a5">
         <name>_AdcaResultRegs</name>
         <value>0xb00</value>
         <object_component_ref idref="oc-c0"/>
      </symbol>
      <symbol id="sm-3a6">
         <name>_ECap2Regs</name>
         <value>0x5020</value>
         <object_component_ref idref="oc-c7"/>
      </symbol>
      <symbol id="sm-3a7">
         <name>_EPwm12Regs</name>
         <value>0x4b00</value>
         <object_component_ref idref="oc-101"/>
      </symbol>
      <symbol id="sm-3a8">
         <name>_AdcbResultRegs</name>
         <value>0xb20</value>
         <object_component_ref idref="oc-c1"/>
      </symbol>
      <symbol id="sm-3a9">
         <name>_AdccResultRegs</name>
         <value>0xb40</value>
         <object_component_ref idref="oc-bf"/>
      </symbol>
      <symbol id="sm-3aa">
         <name>_Emif1ConfigRegs</name>
         <value>0x5f480</value>
         <object_component_ref idref="oc-c9"/>
      </symbol>
      <symbol id="sm-3ab">
         <name>_Sdfm2Regs</name>
         <value>0x5e80</value>
         <object_component_ref idref="oc-f0"/>
      </symbol>
      <symbol id="sm-3ac">
         <name>_AdcdResultRegs</name>
         <value>0xb60</value>
         <object_component_ref idref="oc-c2"/>
      </symbol>
      <symbol id="sm-3ad">
         <name>_EQep2Regs</name>
         <value>0x5140</value>
         <object_component_ref idref="oc-da"/>
      </symbol>
      <symbol id="sm-3ae">
         <name>_Cmpss1Regs</name>
         <value>0x5c80</value>
         <object_component_ref idref="oc-d3"/>
      </symbol>
      <symbol id="sm-3af">
         <name>_EPwm8Regs</name>
         <value>0x4700</value>
         <object_component_ref idref="oc-104"/>
      </symbol>
      <symbol id="sm-3b0">
         <name>_Emif2ConfigRegs</name>
         <value>0x5f4a0</value>
         <object_component_ref idref="oc-cb"/>
      </symbol>
      <symbol id="sm-3b1">
         <name>_DcsmCommonRegs</name>
         <value>0x5f070</value>
         <object_component_ref idref="oc-b6"/>
      </symbol>
      <symbol id="sm-3b2">
         <name>_EPwm2Regs</name>
         <value>0x4100</value>
         <object_component_ref idref="oc-fc"/>
      </symbol>
      <symbol id="sm-3b3">
         <name>_ECap3Regs</name>
         <value>0x5040</value>
         <object_component_ref idref="oc-cd"/>
      </symbol>
      <symbol id="sm-3b4">
         <name>_Cmpss8Regs</name>
         <value>0x5d60</value>
         <object_component_ref idref="oc-d0"/>
      </symbol>
      <symbol id="sm-3b5">
         <name>_EQep3Regs</name>
         <value>0x5180</value>
         <object_component_ref idref="oc-dc"/>
      </symbol>
      <symbol id="sm-3b6">
         <name>_SyncSocRegs</name>
         <value>0x7940</value>
         <object_component_ref idref="oc-ae"/>
      </symbol>
      <symbol id="sm-3b7">
         <name>_EPwm9Regs</name>
         <value>0x4800</value>
         <object_component_ref idref="oc-102"/>
      </symbol>
      <symbol id="sm-3b8">
         <name>_NmiIntruptRegs</name>
         <value>0x7060</value>
         <object_component_ref idref="oc-af"/>
      </symbol>
      <symbol id="sm-3b9">
         <name>_EPwm3Regs</name>
         <value>0x4200</value>
         <object_component_ref idref="oc-ff"/>
      </symbol>
      <symbol id="sm-3ba">
         <name>_I2caRegs</name>
         <value>0x7300</value>
         <object_component_ref idref="oc-dd"/>
      </symbol>
      <symbol id="sm-3dc">
         <name>_GPIO_SetupLock</name>
         <value>0x82ccb</value>
         <object_component_ref idref="oc-188"/>
      </symbol>
      <symbol id="sm-3dd">
         <name>_GPIO_SetupXINT4Gpio</name>
         <value>0x82d12</value>
         <object_component_ref idref="oc-188"/>
      </symbol>
      <symbol id="sm-3de">
         <name>_InitGpio</name>
         <value>0x82b6b</value>
         <object_component_ref idref="oc-188"/>
      </symbol>
      <symbol id="sm-3df">
         <name>_GPIO_SetupXINT5Gpio</name>
         <value>0x82d1c</value>
         <object_component_ref idref="oc-188"/>
      </symbol>
      <symbol id="sm-3e0">
         <name>_GPIO_EnableUnbondedIOPullupsFor176Pin</name>
         <value>0x82d26</value>
         <object_component_ref idref="oc-188"/>
      </symbol>
      <symbol id="sm-3e1">
         <name>_GPIO_SetupXINT2Gpio</name>
         <value>0x82cfe</value>
         <object_component_ref idref="oc-188"/>
      </symbol>
      <symbol id="sm-3e2">
         <name>_GPIO_SetupXINT3Gpio</name>
         <value>0x82d08</value>
         <object_component_ref idref="oc-188"/>
      </symbol>
      <symbol id="sm-3e3">
         <name>_GPIO_WritePin</name>
         <value>0x82d91</value>
         <object_component_ref idref="oc-188"/>
      </symbol>
      <symbol id="sm-3e4">
         <name>_GPIO_SetupPinOptions</name>
         <value>0x82c37</value>
         <object_component_ref idref="oc-188"/>
      </symbol>
      <symbol id="sm-3e5">
         <name>_GPIO_EnableUnbondedIOPullups</name>
         <value>0x82d64</value>
         <object_component_ref idref="oc-188"/>
      </symbol>
      <symbol id="sm-3e6">
         <name>_GPIO_SetupXINT1Gpio</name>
         <value>0x82cf4</value>
         <object_component_ref idref="oc-188"/>
      </symbol>
      <symbol id="sm-3e7">
         <name>_GPIO_SetupPinMux</name>
         <value>0x82bab</value>
         <object_component_ref idref="oc-188"/>
      </symbol>
      <symbol id="sm-3e8">
         <name>_GPIO_EnableUnbondedIOPullupsFor100Pin</name>
         <value>0x82d3f</value>
         <object_component_ref idref="oc-188"/>
      </symbol>
      <symbol id="sm-3e9">
         <name>_GPIO_ReadPin</name>
         <value>0x82d7a</value>
         <object_component_ref idref="oc-188"/>
      </symbol>
      <symbol id="sm-3fe">
         <name>_InitPieCtrl</name>
         <value>0x83195</value>
         <object_component_ref idref="oc-183"/>
      </symbol>
      <symbol id="sm-3ff">
         <name>_EnableInterrupts</name>
         <value>0x831b4</value>
         <object_component_ref idref="oc-183"/>
      </symbol>
      <symbol id="sm-40f">
         <name>_PieVectTableInit</name>
         <value>0x91000</value>
         <object_component_ref idref="oc-189"/>
      </symbol>
      <symbol id="sm-410">
         <name>_InitPieVectTable</name>
         <value>0x831bd</value>
         <object_component_ref idref="oc-184"/>
      </symbol>
      <symbol id="sm-440">
         <name>_InitSysPll</name>
         <value>0x826ab</value>
         <object_component_ref idref="oc-182"/>
      </symbol>
      <symbol id="sm-441">
         <name>_SeizeFlashPump</name>
         <value>0x82676</value>
         <object_component_ref idref="oc-182"/>
      </symbol>
      <symbol id="sm-442">
         <name>_DisablePeripheralClocks</name>
         <value>0x8265e</value>
         <object_component_ref idref="oc-182"/>
      </symbol>
      <symbol id="sm-443">
         <name>_DisableDog</name>
         <value>0x8269d</value>
         <object_component_ref idref="oc-182"/>
      </symbol>
      <symbol id="sm-444">
         <name>_SysIntOsc2Sel</name>
         <value>0x82864</value>
         <object_component_ref idref="oc-182"/>
      </symbol>
      <symbol id="sm-445">
         <name>_ReleaseFlashPump</name>
         <value>0x82685</value>
         <object_component_ref idref="oc-182"/>
      </symbol>
      <symbol id="sm-446">
         <name>_HALT</name>
         <value>0x828ae</value>
         <object_component_ref idref="oc-182"/>
      </symbol>
      <symbol id="sm-447">
         <name>_IDLE</name>
         <value>0x8289a</value>
         <object_component_ref idref="oc-182"/>
      </symbol>
      <symbol id="sm-448">
         <name>_InitPeripheralClocks</name>
         <value>0x825da</value>
         <object_component_ref idref="oc-182"/>
      </symbol>
      <symbol id="sm-449">
         <name>_SysXtalOscSel</name>
         <value>0x8286e</value>
         <object_component_ref idref="oc-182"/>
      </symbol>
      <symbol id="sm-44a">
         <name>_CsmUnlock</name>
         <value>0x82839</value>
         <object_component_ref idref="oc-182"/>
      </symbol>
      <symbol id="sm-44b">
         <name>_SysIntOsc1Sel</name>
         <value>0x8285a</value>
         <object_component_ref idref="oc-182"/>
      </symbol>
      <symbol id="sm-44c">
         <name>_ServiceDog</name>
         <value>0x8268f</value>
         <object_component_ref idref="oc-182"/>
      </symbol>
      <symbol id="sm-44d">
         <name>_HIB</name>
         <value>0x828c7</value>
         <object_component_ref idref="oc-182"/>
      </symbol>
      <symbol id="sm-44e">
         <name>_AuxAuxClkSel</name>
         <value>0x82890</value>
         <object_component_ref idref="oc-182"/>
      </symbol>
      <symbol id="sm-44f">
         <name>_AuxIntOsc2Sel</name>
         <value>0x8287a</value>
         <object_component_ref idref="oc-182"/>
      </symbol>
      <symbol id="sm-450">
         <name>_InitAuxPll</name>
         <value>0x82771</value>
         <object_component_ref idref="oc-182"/>
      </symbol>
      <symbol id="sm-451">
         <name>_InitSysCtrl</name>
         <value>0x825a9</value>
         <object_component_ref idref="oc-182"/>
      </symbol>
      <symbol id="sm-452">
         <name>_STANDBY</name>
         <value>0x828a3</value>
         <object_component_ref idref="oc-182"/>
      </symbol>
      <symbol id="sm-453">
         <name>_AuxXtalOscSel</name>
         <value>0x82884</value>
         <object_component_ref idref="oc-182"/>
      </symbol>
      <symbol id="sm-45f">
         <name>_F28x_usDelay</name>
         <value>0x8000</value>
         <object_component_ref idref="oc-125"/>
      </symbol>
      <symbol id="sm-46c">
         <name>_SPLL_1ph_SOGI_F_FUNC</name>
         <value>0x82a09</value>
         <object_component_ref idref="oc-17b"/>
      </symbol>
      <symbol id="sm-46d">
         <name>_SPLL_1ph_SOGI_F_init</name>
         <value>0x828e4</value>
         <object_component_ref idref="oc-17b"/>
      </symbol>
      <symbol id="sm-46e">
         <name>_SPLL_1ph_SOGI_F_coeff_update</name>
         <value>0x8296d</value>
         <object_component_ref idref="oc-17b"/>
      </symbol>
      <symbol id="sm-476">
         <name>_sin_tab</name>
         <value>0x90000</value>
         <object_component_ref idref="oc-17a"/>
      </symbol>
      <symbol id="sm-491">
         <name>_c_int00</name>
         <value>0x83116</value>
         <object_component_ref idref="oc-83"/>
      </symbol>
      <symbol id="sm-492">
         <name>__stack</name>
         <value>0x400</value>
         <object_component_ref idref="oc-131"/>
      </symbol>
      <symbol id="sm-4a1">
         <name>_copy_in</name>
         <value>0x831e3</value>
         <object_component_ref idref="oc-176"/>
      </symbol>
      <symbol id="sm-4b5">
         <name>C$$EXIT</name>
         <value>0x8316c</value>
         <object_component_ref idref="oc-179"/>
      </symbol>
      <symbol id="sm-4b6">
         <name>_exit</name>
         <value>0x8316e</value>
         <object_component_ref idref="oc-179"/>
      </symbol>
      <symbol id="sm-4b7">
         <name>___TI_cleanup_ptr</name>
         <value>0xa8a0</value>
         <object_component_ref idref="oc-13e"/>
      </symbol>
      <symbol id="sm-4b8">
         <name>___TI_enable_exit_profile_output</name>
         <value>0xa89e</value>
         <object_component_ref idref="oc-13e"/>
      </symbol>
      <symbol id="sm-4b9">
         <name>_abort</name>
         <value>0x8316c</value>
         <object_component_ref idref="oc-179"/>
      </symbol>
      <symbol id="sm-4ba">
         <name>___TI_dtors_ptr</name>
         <value>0xa8a2</value>
         <object_component_ref idref="oc-13e"/>
      </symbol>
      <symbol id="sm-4cb">
         <name>FS$$DIV</name>
         <value>0x82f59</value>
         <object_component_ref idref="oc-143"/>
      </symbol>
      <symbol id="sm-4d7">
         <name>LL$$AND</name>
         <value>0x8323e</value>
         <object_component_ref idref="oc-148"/>
      </symbol>
      <symbol id="sm-4d8">
         <name>LL$$OR</name>
         <value>0x83246</value>
         <object_component_ref idref="oc-148"/>
      </symbol>
      <symbol id="sm-4d9">
         <name>LL$$XOR</name>
         <value>0x8324e</value>
         <object_component_ref idref="oc-148"/>
      </symbol>
      <symbol id="sm-4ea">
         <name>_memcpy</name>
         <value>0x83207</value>
         <object_component_ref idref="oc-17c"/>
      </symbol>
      <symbol id="sm-4ff">
         <name>__system_pre_init</name>
         <value>0x8325f</value>
         <object_component_ref idref="oc-175"/>
      </symbol>
      <symbol id="sm-50d">
         <name>_cos</name>
         <value>0x8305d</value>
         <object_component_ref idref="oc-181"/>
      </symbol>
      <symbol id="sm-50e">
         <name>_cosf</name>
         <value>0x8305d</value>
         <object_component_ref idref="oc-181"/>
      </symbol>
      <symbol id="sm-51b">
         <name>_sin</name>
         <value>0x830be</value>
         <object_component_ref idref="oc-180"/>
      </symbol>
      <symbol id="sm-51c">
         <name>_sinf</name>
         <value>0x830be</value>
         <object_component_ref idref="oc-180"/>
      </symbol>
      <symbol id="sm-528">
         <name>__system_post_cinit</name>
         <value>0x83261</value>
         <object_component_ref idref="oc-177"/>
      </symbol>
      <symbol id="sm-53c">
         <name>__unlock</name>
         <value>0xa8a6</value>
         <object_component_ref idref="oc-18a"/>
      </symbol>
      <symbol id="sm-53d">
         <name>__lock</name>
         <value>0xa8a4</value>
         <object_component_ref idref="oc-17e"/>
      </symbol>
      <symbol id="sm-53e">
         <name>__register_lock</name>
         <value>0x8325a</value>
         <object_component_ref idref="oc-186"/>
      </symbol>
      <symbol id="sm-53f">
         <name>__nop</name>
         <value>0x8325e</value>
         <object_component_ref idref="oc-186"/>
      </symbol>
      <symbol id="sm-540">
         <name>__register_unlock</name>
         <value>0x83256</value>
         <object_component_ref idref="oc-186"/>
      </symbol>
      <symbol id="sm-54f">
         <name>__args_main</name>
         <value>0x83225</value>
         <object_component_ref idref="oc-178"/>
      </symbol>
   </symbol_table>
   <title>Link successful</title>
</link_info>
